node.exe : [31mΓ£ù[39m Build failed in 375ms
At line:1 char:1
+ & "C:\Program Files\nodejs/node.exe" "C:\Program Files\nodejs/node_mo ...
+ ~~~~~~~~~~~~~~~~~~~~~~~~~~~~~~~~~~~~~~~~~~~~~~~~~~~~~~~~~~~~~~~~~~~~~
    + CategoryInfo          : NotSpecified: ([31mΓ£ù[39m Build failed in 375ms:String) [], Remote 
   Exception
    + FullyQualifiedErrorId : NativeCommandError
 
[31merror during build:
[31mBuild failed with 1 error:

[31m[MISSING_EXPORT] Error:[0m "Chrome" is not exported by 
"node_modules/lucide-react/dist/esm/lucide-react.js".
   [38;5;246mΓò¡[0m[38;5;246mΓöÇ[0m[38;5;246m[[0m src/pages/LoginPage.jsx:3:21 
[38;5;246m][0m
   [38;5;246mΓöé[0m
 [38;5;246m3 Γöé[0m [38;5;249mi[0m[38;5;249mm[0m[38;5;249mp[0m[38;5;249mo[0m[38;5;249mr[
0m[38;5;249mt[0m[38;5;249m [0m[38;5;249m{[0m[38;5;249m [0m[38;5;249mB[0m[38;5;249mu[0m[
38;5;249mi[0m[38;5;249ml[0m[38;5;249md[0m[38;5;249mi[0m[38;5;249mn[0m[38;5;249mg[0m[38;5
;249m2[0m[38;5;249m,[0m[38;5;249m [0mChrome[38;5;249m [0m[38;5;249m}[0m[38;5;249m 
[0m[38;5;249mf[0m[38;5;249mr[0m[38;5;249mo[0m[38;5;249mm[0m[38;5;249m [0m[38;5;249m"[0m
[38;5;249ml[0m[38;5;249mu[0m[38;5;249mc[0m[38;5;249mi[0m[38;5;249md[0m[38;5;249me[0m[38
;5;249m-[0m[38;5;249mr[0m[38;5;249me[0m[38;5;249ma[0m[38;5;249mc[0m[38;5;249mt[0m[38;5;2
49m"[0m[38;5;249m;[0m
 [38;5;240m  Γöé[0m                     ΓöÇΓöÇΓöÇΓö¼ΓöÇΓöÇ  
 [38;5;240m  Γöé[0m                        Γò░ΓöÇΓöÇΓöÇΓöÇ Missing export
[38;5;246mΓöÇΓöÇΓöÇΓò»[0m
[31m
    at aggregateBindingErrorsIntoJsError (file:///C:/Users/ASUS/Desktop/paf-test-anti/frontend/node_
modules/rolldown/dist/shared/error-w0u7biK-.mjs:48:18)
    at unwrapBindingResult (file:///C:/Users/ASUS/Desktop/paf-test-anti/frontend/node_modules/rolldo
wn/dist/shared/error-w0u7biK-.mjs:18:128)
    at #build (file:///C:/Users/ASUS/Desktop/paf-test-anti/frontend/node_modules/rolldown/dist/share
d/rolldown-build-DtGk-m96.mjs:3313:34)
    at async buildEnvironment (file:///C:/Users/ASUS/Desktop/paf-test-anti/frontend/node_modules/vit
e/dist/node/chunks/node.js:32954:64)
    at async Object.build (file:///C:/Users/ASUS/Desktop/paf-test-anti/frontend/node_modules/vite/di
st/node/chunks/node.js:33376:19)
    at async Object.buildApp (file:///C:/Users/ASUS/Desktop/paf-test-anti/frontend/node_modules/vite
/dist/node/chunks/node.js:33373:153)
    at async CAC.<anonymous> 
(file:///C:/Users/ASUS/Desktop/paf-test-anti/frontend/node_modules/vite/dist/node/cli.js:778:3) {
  errors: [Getter/Setter]
}[39m
